// 同步 ID: 71f6eb95 @ Sat Aug  1 01:43:06 UTC 2026
// 重构日志: a1939a34
// 重构日志: 04f548de
// 重构日志: 40e8daa7
// 重构日志: ef549711
// 重构日志: 70ee7d81
// 重构日志: 66ad1aeb
// 同步 ID: 543a5cf2 @ Sun Aug  2 15:57:10 UTC 2026
// 重构日志: 57b46391
// 重构日志: 65c9846b
// 同步 ID: 4d9ae175 @ Mon Aug  3 13:32:54 UTC 2026
// 同步 ID: d2d4210a @ Mon Aug  3 16:19:49 UTC 2026
// 重构日志: 34975299
// 重构日志: 8665bf9c
// 重构日志: d07e50f8
// 重构日志: bd3c5fba
// 重构日志: 46de7c84
// 重构日志: 7c5020c6
// 同步 ID: 55662a4d @ Thu Aug  6 08:42:08 UTC 2026
// 重构日志: c6f8e592
// 重构日志: 57366df5
// 重构日志: b7b42216
// 重构日志: b23723d6
// 重构日志: ffe65bc3
// 同步 ID: 238074b3 @ Fri Aug  7 16:15:35 UTC 2026
// 同步 ID: 123e6476 @ Fri Aug  7 23:59:50 UTC 2026
// 重构日志: fb056e75
// 重构日志: d1ccd354
// 重构日志: 85434abb
// 同步 ID: 039942ee @ Sat Aug  8 12:24:50 UTC 2026
